// Jest Snapshot v1, https://goo.gl/fbAQLP

exports[`<Posts /> should be like the snapshot 1`] = `
<div
  class="posts"
>
  <div
    class="post"
  >
    <img
      alt="title 1"
      src="img/img.png"
    />
    <h1>
      title 1
    </h1>
    <p>
      body 1
    </p>
  </div>
</div>
`;
