// Jest Snapshot v1, https://goo.gl/fbAQLP

exports[`<TextInput /> should match the snapshot 1`] = `
<input
  class="text-input"
  placeholder="Search"
  type="search"
  value=""
/>
`;
